{
  "fragment": {
    "argumentDefinitions": [],
    "kind": "Fragment",
    "metadata": null,
    "name": "ViewerQuery",
    "selections": [
      {
        "kind": "LinkedField",
        "alias": "viewer",
        "args": null,
        "concreteType": "Viewer",
        "name": "__viewer_viewer",
        "plural": false,
        "selections": [
          {
            "kind": "LinkedField",
            "alias": null,
            "args": null,
            "concreteType": null,
            "name": "actor",
            "plural": false,
            "selections": [
              {
                "kind": "ScalarField",
                "alias": null,
                "args": null,
                "name": "id",
                "storageKey": null
              }
            ],
            "storageKey": null,
            "idField": "id"
          }
        ],
        "storageKey": null,
        "idField": "id"
      }
    ],
    "type": "Query"
  },
  "id": null,
  "kind": "Batch",
  "metadata": {},
  "name": "ViewerQuery",
  "query": {
    "argumentDefinitions": [],
    "kind": "Root",
    "name": "ViewerQuery",
    "operation": "query",
    "selections": [
      {
        "kind": "LinkedField",
        "alias": null,
        "args": null,
        "concreteType": "Viewer",
        "name": "viewer",
        "plural": false,
        "selections": [
          {
            "kind": "LinkedField",
            "alias": null,
            "args": null,
            "concreteType": null,
            "name": "actor",
            "plural": false,
            "selections": [
              {
                "kind": "ScalarField",
                "alias": null,
                "args": null,
                "name": "__typename",
                "storageKey": null
              },
              {
                "kind": "ScalarField",
                "alias": null,
                "args": null,
                "name": "id",
                "storageKey": null
              }
            ],
            "storageKey": null,
            "idField": "id"
          }
        ],
        "storageKey": null,
        "idField": "id"
      },
      {
        "kind": "LinkedHandle",
        "alias": null,
        "args": null,
        "handle": "viewer",
        "name": "viewer",
        "key": "",
        "filters": null
      }
    ]
  }
}

QUERY:

query ViewerQuery {
  viewer {
    actor {
      __typename
      id
    }
  }
}
