{
  "kind": "Fragment",
  "name": "PluralFragment",
  "type": "User",
  "metadata": {
    "plural": true
  },
  "argumentDefinitions": [],
  "selections": [
    {
      "kind": "ScalarField",
      "alias": null,
      "name": "name",
      "args": null,
      "storageKey": null
    },
    {
      "kind": "ScalarField",
      "alias": null,
      "name": "id",
      "args": null,
      "storageKey": null
    }
  ]
}
