/**
 * Flow
 */

import type { FragmentReference } from "relay-runtime";
export opaque type InlineFragment$ref: FragmentReference = FragmentReference;
export type InlineFragment = {|
  +id: string,
  +name?: ?string,
  +message?: ?{|
    +text: ?string
  |},
  +$refType: InlineFragment$ref,
|};

import type { FragmentReference } from "relay-runtime";
export opaque type InlineFragmentWithOverlappingFields$ref: FragmentReference = FragmentReference;
export type InlineFragmentWithOverlappingFields = {|
  +hometown?: ?{|
    +id: string,
    +name: ?string,
    +message?: ?{|
      +text: ?string
    |},
  |},
  +name?: ?string,
  +$refType: InlineFragmentWithOverlappingFields$ref,
|};

import type { FragmentReference } from "relay-runtime";
export opaque type InlineFragmentConditionalID$ref: FragmentReference = FragmentReference;
export type InlineFragmentConditionalID = {|
  +id?: string,
  +name?: ?string,
  +$refType: InlineFragmentConditionalID$ref,
|};

type SomeFragment$ref = any;
import type { FragmentReference } from "relay-runtime";
export opaque type InlineFragmentKitchenSink$ref: FragmentReference = FragmentReference;
export type InlineFragmentKitchenSink = {|
  +actor: ?{|
    +id: string,
    +profilePicture: ?{|
      +uri: ?string,
      +width?: ?number,
      +height?: ?number,
    |},
    +name?: ?string,
    +__fragments: SomeFragment$ref,
  |},
  +$refType: InlineFragmentKitchenSink$ref,
|};

/**
 * TypeScript
 */

import { FragmentReference } from "relay-runtime";
export type InlineFragmentRef = FragmentReference;
export interface InlineFragment {
  readonly id: string;
  readonly name?: string | null;
  readonly message?: {
    readonly text: string | null;
  } | null;
  readonly refType: InlineFragmentRef;
}

import { FragmentReference } from "relay-runtime";
export type InlineFragmentWithOverlappingFieldsRef = FragmentReference;
export interface InlineFragmentWithOverlappingFields {
  readonly hometown?: {
    readonly id: string;
    readonly name: string | null;
    readonly message?: {
      readonly text: string | null;
    } | null;
  } | null;
  readonly name?: string | null;
  readonly refType: InlineFragmentWithOverlappingFieldsRef;
}

import { FragmentReference } from "relay-runtime";
export type InlineFragmentConditionalIDRef = FragmentReference;
export interface InlineFragmentConditionalID {
  readonly id?: string;
  readonly name?: string | null;
  readonly refType: InlineFragmentConditionalIDRef;
}

type SomeFragmentRef = any;
import { FragmentReference } from "relay-runtime";
export type InlineFragmentKitchenSinkRef = FragmentReference;
export interface InlineFragmentKitchenSink {
  readonly actor: {
    readonly id: string;
    readonly profilePicture: {
      readonly uri: string | null;
      readonly width?: number | null;
      readonly height?: number | null;
    } | null;
    readonly name?: string | null;
    readonly __fragments: SomeFragmentRef;
  } | null;
  readonly refType: InlineFragmentKitchenSinkRef;
}
