{
  "kind": "Fragment",
  "name": "ScalarHandleField",
  "type": "User",
  "metadata": null,
  "argumentDefinitions": [],
  "selections": [
    {
      "kind": "ScalarField",
      "alias": null,
      "name": "name",
      "args": null,
      "storageKey": null
    },
    {
      "kind": "ScalarHandle",
      "alias": null,
      "name": "name",
      "args": null,
      "handle": "clientName",
      "key": "",
      "filters": null
    },
    {
      "kind": "ScalarField",
      "alias": null,
      "name": "id",
      "args": null,
      "storageKey": null
    }
  ],
  "idField": "id"
}
