export interface ConditionField {
  readonly id?: string;
}

export interface NestedCondition {
  readonly id?: string;
}
