import { PhotoFragmentRef } from "PhotoFragment.graphql";
import { FragmentReference } from "relay-runtime";
export type UserProfileRef = FragmentReference;
export interface UserProfile {
  readonly profilePicture: {
    readonly uri: string | null;
    readonly width: number | null;
    readonly height: number | null;
    readonly __fragments: PhotoFragmentRef;
  } | null;
  readonly refType: UserProfileRef;
}

import { FragmentReference } from "relay-runtime";
export type PhotoFragmentRef = FragmentReference;
export interface PhotoFragment {
  readonly uri: string | null;
  readonly width: number | null;
  readonly refType: PhotoFragmentRef;
}

import { FragmentReference } from "relay-runtime";
export type RecursiveFragmentRef = FragmentReference;
export interface RecursiveFragment {
  readonly uri: string | null;
  readonly width: number | null;
  readonly refType: RecursiveFragmentRef;
}

import { FragmentReference } from "relay-runtime";
export type AnotherRecursiveFragmentRef = FragmentReference;
export interface AnotherRecursiveFragment {
  readonly uri: string | null;
  readonly height: number | null;
  readonly refType: AnotherRecursiveFragmentRef;
}
